Microchip MPLAB XC8 Compiler V2.31

Linker command line:

-W-3 --edf=C:\Program Files\Microchip\xc8\v2.31\pic\dat\en_msgs.txt -cn \
  -h+dist/default/production\Laboratorios_C.X.production.sym \
  --cmf=dist/default/production\Laboratorios_C.X.production.cmf -z -Q16F887 \
  -oC:\Users\jefca\AppData\Local\Temp\shco.2 --defsym=__MPLAB_BUILD=1 \
  -Mdist/default/production/Laboratorios_C.X.production.map -E1 \
  -ver=XC8 Compiler --acfsm=1493 -ASTACK=0110h-016Fh -pstack=STACK \
  -ACODE=00h-07FFhx4 -ASTRCODE=00h-01FFFh -ASTRING=00h-0FFhx32 \
  -ACONST=00h-0FFhx32 -AENTRY=00h-0FFhx32 -ACOMMON=070h-07Fh \
  -ABANK0=020h-06Fh -ABANK1=0A0h-0EFh -ABANK2=0110h-016Fh \
  -ABANK3=0190h-01EFh -ARAM=020h-06Fh,0A0h-0EFh,0110h-016Fh,0190h-01EFh \
  -AABS1=020h-07Fh,0A0h-0EFh,0110h-016Fh,0190h-01EFh -ASFR0=00h-01Fh \
  -ASFR1=080h-09Fh -ASFR2=0100h-010Fh -ASFR3=0180h-018Fh \
  -ACONFIG=02007h-02008h -DCONFIG=2 -AIDLOC=02000h-02003h -DIDLOC=2 \
  -AEEDATA=00h-0FFh/02100h -peeprom_data=EEDATA -DEEDATA=2 -DCODE=2 \
  -DSTRCODE=2 -DSTRING=2 -DCONST=2 -DENTRY=2 \
  -preset_vec=00h,intentry=04h,init,end_init -ppowerup=CODE -pcinit=CODE \
  -pfunctab=ENTRY -k C:\Users\jefca\AppData\Local\Temp\shco.o \
  dist/default/production\Laboratorios_C.X.production.o 

Object code version is 3.11

Machine type is 16F887



                Name                               Link     Load   Length Selector   Space Scale
C:\Users\jefca\AppData\Local\Temp\shco.o
                end_init                              C        C        3        8       0
                reset_vec                             0        0        3        0       0
                config                             2007     2007        2        0       4
dist/default/production\Laboratorios_C.X.production.o
                cinit                                 F        F       1D        8       0
                intentry                              4        4        8        8       0
                config                             2007     2007        2        0       4
                text15                              335      335      104      66A       0
                text14                              5EF      5EF       24      66A       0
                text13                              584      584       42      66A       0
                text12                              4C0      4C0       69      66A       0
                text11                              529      529       5B      66A       0
                text10                              439      439       87      66A       0
                text9                               699      699        C      66A       0
                text8                               676      676       12      66A       0
                text7                               63D      63D       14      66A       0
                text6                               688      688       11      66A       0
                text5                               664      664       12      66A       0
                text4                               628      628       15      66A       0
                text3                               6B0      6B0        7      66A       0
                text2                               613      613       15      66A       0
                text1                               5C6      5C6       29      66A       0
                maintext                             2C       2C      16F        8       0
                cstackBANK0                          20       20        D       20       1
                cstackCOMMON                         70       70        8       70       1
                inittext                            651      651       13      66A       0
                dataBANK0                            2D       2D        B       20       1
                bssBANK0                             38       38        8       20       1
                bssCOMMON                            78       78        3       70       1
                stringtext                          200      200      135        4       0
                strings                             19B      19B       12      336       0
                idataBANK0                          6A5      6A5        B      66A       0

TOTAL           Name                               Link     Load   Length     Space
        CLASS   STACK          

        CLASS   CODE           
                end_init                              C        C        3         0
                cinit                                 F        F       1D         0
                intentry                              4        4        8         0
                reset_vec                             0        0        3         0
                text15                              335      335      104         0
                text14                              5EF      5EF       24         0
                text13                              584      584       42         0
                text12                              4C0      4C0       69         0
                text11                              529      529       5B         0
                text10                              439      439       87         0
                text9                               699      699        C         0
                text8                               676      676       12         0
                text7                               63D      63D       14         0
                text6                               688      688       11         0
                text5                               664      664       12         0
                text4                               628      628       15         0
                text3                               6B0      6B0        7         0
                text2                               613      613       15         0
                text1                               5C6      5C6       29         0
                maintext                             2C       2C      16F         0
                inittext                            651      651       13         0
                idataBANK0                          6A5      6A5        B         0

        CLASS   STRCODE        
                stringtext                          200      200      135         0

        CLASS   STRING         
                strings                             19B      19B       12         0

        CLASS   CONST          

        CLASS   ENTRY          

        CLASS   COMMON         
                cstackCOMMON                         70       70        8         1
                bssCOMMON                            78       78        3         1

        CLASS   BANK0          
                cstackBANK0                          20       20        D         1
                dataBANK0                            2D       2D        B         1
                bssBANK0                             38       38        8         1

        CLASS   BANK1          

        CLASS   BANK2          

        CLASS   BANK3          

        CLASS   RAM            

        CLASS   ABS1           
                abs_s1                               7E       7E        2         1

        CLASS   SFR0           

        CLASS   SFR1           

        CLASS   SFR2           

        CLASS   SFR3           

        CLASS   CONFIG         
                config                             2007     2007        2         4

        CLASS   IDLOC          

        CLASS   EEDATA         



SEGMENTS        Name                           Load    Length   Top    Selector   Space  Class     Delta

                reset_vec                      000000  000003  000003         0       0  CODE        2
                intentry                       000004  000197  00019B         8       0  CODE        2
                cstackBANK0                    000020  000020  000040        20       1  BANK0       1
                cstackCOMMON                   000070  00000B  00007B        70       1  COMMON      1
                strings                        00019B  000012  0001AD       336       0  STRING      2
                stringtext                     000200  000135  000335         4       0  STRCODE     2
                text15                         000335  000382  0006B7       66A       0  CODE        2


UNUSED ADDRESS RANGES

        Name                Unused          Largest block    Delta
        BANK0            0040-006F             30           1
        BANK1            00A0-00EF             50           1
        BANK2            0110-016F             60           1
        BANK3            0190-01EF             60           1
        CODE             0003-0003              1           2
                         01AD-01FF             53
                         06B7-1FFF            800
        COMMON           007B-007D              3           1
        CONST            0003-0003              1           2
                         01AD-01FF             53
                         06B7-1FFF            100
        EEDATA           2100-21FF            100           2
        ENTRY            0003-0003              1           2
                         01AD-01FF             53
                         06B7-1FFF            100
        IDLOC            2000-2003              4           2
        RAM              0040-006F             30           1
                         00A0-00EF             50
                         0110-016F             60
                         0190-01EF             60
        SFR0             0000-001F             20           1
        SFR1             0080-009F             20           1
        SFR2             0100-010F             10           1
        SFR3             0180-018F             10           1
        STACK            0110-016F             60           1
        STRCODE          0003-0003              1           2
                         01AD-01FF             53
                         06B7-1FFF           1949
        STRING           0003-0003              1           2
                         01AD-01FF             53
                         06B7-1FFF            100

                                  Symbol Table

?___awdiv                   cstackCOMMON 0073
?___awmod                   cstackCOMMON 0073
?_strlen                    cstackCOMMON 0073
_ADCON0bits                 (abs)        001F
_ADCON1bits                 (abs)        009F
_ADRESH                     (abs)        001E
_ANSEL                      (abs)        0188
_ANSELH                     (abs)        0189
_BAUDCTLbits                (abs)        0187
_CCP1CONbits                (abs)        0017
_CCP2CONbits                (abs)        001D
_CCPR1L                     (abs)        0015
_CCPR2L                     (abs)        001B
_INTCONbits                 (abs)        000B
_OPTION_REGbits             (abs)        0081
_OSCCONbits                 (abs)        008F
_PIE1bits                   (abs)        008C
_PIR1bits                   (abs)        000C
_PORTB                      (abs)        0006
_PORTBbits                  (abs)        0006
_PR2                        (abs)        0092
_RCREG                      (abs)        001A
_RCSTAbits                  (abs)        0018
_SPBRG                      (abs)        0099
_SPBRGH                     (abs)        009A
_T2CONbits                  (abs)        0012
_TMR0                       (abs)        0001
_TRISA                      (abs)        0085
_TRISB                      (abs)        0086
_TRISCbits                  (abs)        0087
_TRISE                      (abs)        0089
_TXREG                      (abs)        0019
_TXSTAbits                  (abs)        0098
__Habs1                     abs1         0000
__Hbank0                    bank0        0000
__Hbank1                    bank1        0000
__Hbank2                    bank2        0000
__Hbank3                    bank3        0000
__HbssBANK0                 bssBANK0     0000
__HbssCOMMON                bssCOMMON    0000
__Hcinit                    cinit        002C
__Hclrtext                  clrtext      0000
__Hcode                     code         0000
__Hcommon                   common       0000
__Hconfig                   config       2009
__HcstackBANK0              cstackBANK0  0000
__HcstackCOMMON             cstackCOMMON 0000
__HdataBANK0                dataBANK0    0000
__Heeprom_data              eeprom_data  0000
__Hend_init                 end_init     000F
__Hfunctab                  functab      0000
__HidataBANK0               idataBANK0   0000
__Hinit                     init         000C
__Hinittext                 inittext     0000
__Hintentry                 intentry     000C
__Hmaintext                 maintext     0000
__Hpowerup                  powerup      0000
__Hram                      ram          0000
__Hreset_vec                reset_vec    0003
__Hsfr0                     sfr0         0000
__Hsfr1                     sfr1         0000
__Hsfr2                     sfr2         0000
__Hsfr3                     sfr3         0000
__Hspace_0                  (abs)        06B7
__Hspace_1                  (abs)        007B
__Hspace_2                  (abs)        0000
__Hspace_3                  (abs)        0000
__Hspace_4                  (abs)        4010
__Hstack                    stack        0000
__Hstrings                  strings      0000
__Hstringtext               stringtext   0000
__Htext                     text         0000
__Labs1                     abs1         0000
__Lbank0                    bank0        0000
__Lbank1                    bank1        0000
__Lbank2                    bank2        0000
__Lbank3                    bank3        0000
__LbssBANK0                 bssBANK0     0000
__LbssCOMMON                bssCOMMON    0000
__Lcinit                    cinit        000F
__Lclrtext                  clrtext      0000
__Lcode                     code         0000
__Lcommon                   common       0000
__Lconfig                   config       0000
__LcstackBANK0              cstackBANK0  0000
__LcstackCOMMON             cstackCOMMON 0000
__LdataBANK0                dataBANK0    0000
__Leeprom_data              eeprom_data  0000
__Lend_init                 end_init     000C
__Lfunctab                  functab      0000
__LidataBANK0               idataBANK0   0000
__Linit                     init         000C
__Linittext                 inittext     0000
__Lintentry                 intentry     0004
__Lmaintext                 maintext     0000
__Lpowerup                  powerup      0000
__Lram                      ram          0000
__Lreset_vec                reset_vec    0000
__Lsfr0                     sfr0         0000
__Lsfr1                     sfr1         0000
__Lsfr2                     sfr2         0000
__Lsfr3                     sfr3         0000
__Lspace_0                  (abs)        0000
__Lspace_1                  (abs)        0000
__Lspace_2                  (abs)        0000
__Lspace_3                  (abs)        0000
__Lspace_4                  (abs)        0000
__Lstack                    stack        0000
__Lstrings                  strings      0000
__Lstringtext               stringtext   0000
__Ltext                     text         0000
__S0                        (abs)        06B7
__S1                        (abs)        007B
__S2                        (abs)        0000
__S3                        (abs)        0000
___awdiv                    text12       04C0
___awdiv@counter            cstackBANK0  0020
___awdiv@dividend           cstackCOMMON 0075
___awdiv@divisor            cstackCOMMON 0073
___awdiv@quotient           cstackBANK0  0022
___awdiv@sign               cstackBANK0  0021
___awmod                    text11       0529
___awmod@counter            cstackBANK0  0020
___awmod@dividend           cstackCOMMON 0075
___awmod@divisor            cstackCOMMON 0073
___awmod@sign               cstackBANK0  0021
___int_sp                   stack        0000
___latbits                  (abs)        0002
___sp                       stack        0000
___stackhi                  (abs)        0000
___stacklo                  (abs)        0000
__end_of___awdiv            text12       0529
__end_of___awmod            text11       0584
__end_of__initialization    cinit        0028
__end_of__stringtab         strings      01AD
__end_of_config_TMR0        text9        06A5
__end_of_config_TMR2        text8        0688
__end_of_config_adc         text7        0651
__end_of_config_int_enable  text6        0699
__end_of_config_io          text5        0676
__end_of_config_pwm         text4        063D
__end_of_config_reloj       text3        06B7
__end_of_config_serial      text2        0628
__end_of_isr                text15       0439
__end_of_main               maintext     019B
__end_of_printf             text13       05C6
__end_of_printval           text10       04C0
__end_of_setup              text1        05EF
__end_of_strlen             text14       0613
__initialization            cinit        000F
__pbssBANK0                 bssBANK0     0038
__pbssCOMMON                bssCOMMON    0078
__pcstackBANK0              cstackBANK0  0020
__pcstackCOMMON             cstackCOMMON 0070
__pdataBANK0                dataBANK0    002D
__pidataBANK0               idataBANK0   06A5
__pintentry                 intentry     0004
__pmaintext                 maintext     002C
__pstrings                  strings      019B
__pstringtext               stringtext   0200
__ptext1                    text1        05C6
__ptext10                   text10       0439
__ptext11                   text11       0529
__ptext12                   text12       04C0
__ptext13                   text13       0584
__ptext14                   text14       05EF
__ptext15                   text15       0335
__ptext2                    text2        0613
__ptext3                    text3        06B0
__ptext4                    text4        0628
__ptext5                    text5        0664
__ptext6                    text6        0688
__ptext7                    text7        063D
__ptext8                    text8        0676
__ptext9                    text9        0699
__size_of___awdiv           (abs)        0000
__size_of___awmod           (abs)        0000
__size_of_config_TMR0       (abs)        0000
__size_of_config_TMR2       (abs)        0000
__size_of_config_adc        (abs)        0000
__size_of_config_int_enable (abs)        0000
__size_of_config_io         (abs)        0000
__size_of_config_pwm        (abs)        0000
__size_of_config_reloj      (abs)        0000
__size_of_config_serial     (abs)        0000
__size_of_isr               (abs)        0000
__size_of_main              (abs)        0000
__size_of_printf            (abs)        0000
__size_of_printval          (abs)        0000
__size_of_setup             (abs)        0000
__size_of_strlen            (abs)        0000
__stringbase                strings      01AD
__stringtab                 strings      019B
_ban_delay                  bssCOMMON    007A
_bandera                    dataBANK0    0037
_config_TMR0                text9        0699
_config_TMR2                text8        0676
_config_adc                 text7        063D
_config_int_enable          text6        0688
_config_io                  text5        0664
_config_pwm                 text4        0628
_config_reloj               text3        06B0
_config_serial              text2        0613
_indicador                  bssBANK0     0038
_isr                        text15       0335
_main                       maintext     002C
_menu                       bssBANK0     0039
_printf                     text13       0584
_printval                   text10       0439
_setup                      text1        05C6
_strlen                     text14       05EF
_tab7seg                    dataBANK0    002D
_val_articulacion_base      bssBANK0     003C
_val_articulacion_codo      bssBANK0     003B
_val_giro                   bssBANK0     003D
_val_leds                   bssBANK0     003E
_val_motordc                bssBANK0     003F
_val_pinza                  bssBANK0     003A
btemp                       (abs)        007E
end_of_initialization       cinit        0028
init_fetch0                 inittext     0651
init_ram0                   inittext     0655
interrupt_function          intentry     0004
intlevel0                   functab      0000
intlevel1                   functab      0000
intlevel2                   functab      0000
intlevel3                   functab      0000
intlevel4                   functab      0000
intlevel5                   functab      0000
printf@i                    cstackBANK0  0025
printf@var                  cstackBANK0  0020
printval@centenas           cstackBANK0  0027
printval@decenas            cstackBANK0  0029
printval@decenas_temp       cstackBANK0  0028
printval@unidades           cstackBANK0  002A
printval@valor              cstackBANK0  002B
reset_vec                   reset_vec    0000
saved_w                     (abs)        007E
start                       init         000C
start_initialization        cinit        000F
strlen@cp                   cstackCOMMON 0075
strlen@s                    cstackCOMMON 0073
wtemp0                      (abs)        007E


FUNCTION INFORMATION:

 *************** function _main *****************
 Defined at:
		line 89 in file "Proyecto2.c"
 Parameters:    Size  Location     Type
		None
 Auto vars:     Size  Location     Type
		None
 Return value:  Size  Location     Type
                  1    wreg      void 
 Registers used:
		wreg, fsr0l, fsr0h, status,2, status,0, btemp+1, pclath, cstack
 Tracked objects:
		On entry : 
		On exit  : 
		Unchanged: 
 Data sizes:     COMMON   BANK0   BANK1   BANK3   BANK2
      Params:         0       0       0       0       0
      Locals:         0       0       0       0       0
      Temps:          0       1       0       0       0
      Totals:         0       1       0       0       0
Total ram usage:        1 bytes
 Hardware stack levels required when called:    4
 This function calls:
		_printf
		_printval
		_setup
 This function is called by:
		Startup code after reset
 This function uses a non-reentrant model


 *************** function _setup *****************
 Defined at:
		line 277 in file "Proyecto2.c"
 Parameters:    Size  Location     Type
		None
 Auto vars:     Size  Location     Type
		None
 Return value:  Size  Location     Type
                  1    wreg      void 
 Registers used:
		wreg, status,2, status,0, pclath, cstack
 Tracked objects:
		On entry : 
		On exit  : 
		Unchanged: 
 Data sizes:     COMMON   BANK0   BANK1   BANK3   BANK2
      Params:         0       0       0       0       0
      Locals:         0       0       0       0       0
      Temps:          0       0       0       0       0
      Totals:         0       0       0       0       0
Total ram usage:        0 bytes
 Hardware stack levels used:    1
 Hardware stack levels required when called:    2
 This function calls:
		_config_TMR0
		_config_TMR2
		_config_adc
		_config_int_enable
		_config_io
		_config_pwm
		_config_reloj
		_config_serial
 This function is called by:
		_main
 This function uses a non-reentrant model


 *************** function _config_serial *****************
 Defined at:
		line 320 in file "Proyecto2.c"
 Parameters:    Size  Location     Type
		None
 Auto vars:     Size  Location     Type
		None
 Return value:  Size  Location     Type
                  1    wreg      void 
 Registers used:
		wreg, status,2
 Tracked objects:
		On entry : 
		On exit  : 
		Unchanged: 
 Data sizes:     COMMON   BANK0   BANK1   BANK3   BANK2
      Params:         0       0       0       0       0
      Locals:         0       0       0       0       0
      Temps:          0       0       0       0       0
      Totals:         0       0       0       0       0
Total ram usage:        0 bytes
 Hardware stack levels used:    1
 Hardware stack levels required when called:    1
 This function calls:
		Nothing
 This function is called by:
		_setup
 This function uses a non-reentrant model


 *************** function _config_reloj *****************
 Defined at:
		line 302 in file "Proyecto2.c"
 Parameters:    Size  Location     Type
		None
 Auto vars:     Size  Location     Type
		None
 Return value:  Size  Location     Type
                  1    wreg      void 
 Registers used:
		None
 Tracked objects:
		On entry : 
		On exit  : 
		Unchanged: 
 Data sizes:     COMMON   BANK0   BANK1   BANK3   BANK2
      Params:         0       0       0       0       0
      Locals:         0       0       0       0       0
      Temps:          0       0       0       0       0
      Totals:         0       0       0       0       0
Total ram usage:        0 bytes
 Hardware stack levels used:    1
 Hardware stack levels required when called:    1
 This function calls:
		Nothing
 This function is called by:
		_setup
 This function uses a non-reentrant model


 *************** function _config_pwm *****************
 Defined at:
		line 335 in file "Proyecto2.c"
 Parameters:    Size  Location     Type
		None
 Auto vars:     Size  Location     Type
		None
 Return value:  Size  Location     Type
                  1    wreg      void 
 Registers used:
		wreg, status,2, status,0
 Tracked objects:
		On entry : 
		On exit  : 
		Unchanged: 
 Data sizes:     COMMON   BANK0   BANK1   BANK3   BANK2
      Params:         0       0       0       0       0
      Locals:         0       0       0       0       0
      Temps:          0       0       0       0       0
      Totals:         0       0       0       0       0
Total ram usage:        0 bytes
 Hardware stack levels used:    1
 Hardware stack levels required when called:    1
 This function calls:
		Nothing
 This function is called by:
		_setup
 This function uses a non-reentrant model


 *************** function _config_io *****************
 Defined at:
		line 289 in file "Proyecto2.c"
 Parameters:    Size  Location     Type
		None
 Auto vars:     Size  Location     Type
		None
 Return value:  Size  Location     Type
                  1    wreg      void 
 Registers used:
		wreg, status,2
 Tracked objects:
		On entry : 
		On exit  : 
		Unchanged: 
 Data sizes:     COMMON   BANK0   BANK1   BANK3   BANK2
      Params:         0       0       0       0       0
      Locals:         0       0       0       0       0
      Temps:          0       0       0       0       0
      Totals:         0       0       0       0       0
Total ram usage:        0 bytes
 Hardware stack levels used:    1
 Hardware stack levels required when called:    1
 This function calls:
		Nothing
 This function is called by:
		_setup
 This function uses a non-reentrant model


 *************** function _config_int_enable *****************
 Defined at:
		line 368 in file "Proyecto2.c"
 Parameters:    Size  Location     Type
		None
 Auto vars:     Size  Location     Type
		None
 Return value:  Size  Location     Type
                  1    wreg      void 
 Registers used:
		None
 Tracked objects:
		On entry : 
		On exit  : 
		Unchanged: 
 Data sizes:     COMMON   BANK0   BANK1   BANK3   BANK2
      Params:         0       0       0       0       0
      Locals:         0       0       0       0       0
      Temps:          0       0       0       0       0
      Totals:         0       0       0       0       0
Total ram usage:        0 bytes
 Hardware stack levels used:    1
 Hardware stack levels required when called:    1
 This function calls:
		Nothing
 This function is called by:
		_setup
 This function uses a non-reentrant model


 *************** function _config_adc *****************
 Defined at:
		line 309 in file "Proyecto2.c"
 Parameters:    Size  Location     Type
		None
 Auto vars:     Size  Location     Type
		None
 Return value:  Size  Location     Type
                  1    wreg      void 
 Registers used:
		wreg, status,2, status,0
 Tracked objects:
		On entry : 
		On exit  : 
		Unchanged: 
 Data sizes:     COMMON   BANK0   BANK1   BANK3   BANK2
      Params:         0       0       0       0       0
      Locals:         0       0       0       0       0
      Temps:          1       0       0       0       0
      Totals:         1       0       0       0       0
Total ram usage:        1 bytes
 Hardware stack levels used:    1
 Hardware stack levels required when called:    1
 This function calls:
		Nothing
 This function is called by:
		_setup
 This function uses a non-reentrant model


 *************** function _config_TMR2 *****************
 Defined at:
		line 357 in file "Proyecto2.c"
 Parameters:    Size  Location     Type
		None
 Auto vars:     Size  Location     Type
		None
 Return value:  Size  Location     Type
                  1    wreg      void 
 Registers used:
		wreg
 Tracked objects:
		On entry : 
		On exit  : 
		Unchanged: 
 Data sizes:     COMMON   BANK0   BANK1   BANK3   BANK2
      Params:         0       0       0       0       0
      Locals:         0       0       0       0       0
      Temps:          0       0       0       0       0
      Totals:         0       0       0       0       0
Total ram usage:        0 bytes
 Hardware stack levels used:    1
 Hardware stack levels required when called:    1
 This function calls:
		Nothing
 This function is called by:
		_setup
 This function uses a non-reentrant model


 *************** function _config_TMR0 *****************
 Defined at:
		line 347 in file "Proyecto2.c"
 Parameters:    Size  Location     Type
		None
 Auto vars:     Size  Location     Type
		None
 Return value:  Size  Location     Type
                  1    wreg      void 
 Registers used:
		status,2
 Tracked objects:
		On entry : 
		On exit  : 
		Unchanged: 
 Data sizes:     COMMON   BANK0   BANK1   BANK3   BANK2
      Params:         0       0       0       0       0
      Locals:         0       0       0       0       0
      Temps:          0       0       0       0       0
      Totals:         0       0       0       0       0
Total ram usage:        0 bytes
 Hardware stack levels used:    1
 Hardware stack levels required when called:    1
 This function calls:
		Nothing
 This function is called by:
		_setup
 This function uses a non-reentrant model


 *************** function _printval *****************
 Defined at:
		line 389 in file "Proyecto2.c"
 Parameters:    Size  Location     Type
  valor           1    wreg     unsigned char 
 Auto vars:     Size  Location     Type
  valor           1   11[BANK0 ] unsigned char 
  unidades        1   10[BANK0 ] unsigned char 
  decenas         1    9[BANK0 ] unsigned char 
  decenas_temp    1    8[BANK0 ] unsigned char 
  centenas        1    7[BANK0 ] unsigned char 
 Return value:  Size  Location     Type
                  1    wreg      void 
 Registers used:
		wreg, fsr0l, fsr0h, status,2, status,0, pclath, cstack
 Tracked objects:
		On entry : 
		On exit  : 
		Unchanged: 
 Data sizes:     COMMON   BANK0   BANK1   BANK3   BANK2
      Params:         0       0       0       0       0
      Locals:         0       5       0       0       0
      Temps:          0       3       0       0       0
      Totals:         0       8       0       0       0
Total ram usage:        8 bytes
 Hardware stack levels used:    1
 Hardware stack levels required when called:    2
 This function calls:
		___awdiv
		___awmod
 This function is called by:
		_main
 This function uses a non-reentrant model


 *************** function ___awmod *****************
 Defined at:
		line 5 in file "C:\Program Files\Microchip\xc8\v2.31\pic\sources\c90\common\awmod.c"
 Parameters:    Size  Location     Type
  divisor         2    3[COMMON] int 
  dividend        2    5[COMMON] int 
 Auto vars:     Size  Location     Type
  sign            1    1[BANK0 ] unsigned char 
  counter         1    0[BANK0 ] unsigned char 
 Return value:  Size  Location     Type
                  2    3[COMMON] int 
 Registers used:
		wreg, status,2, status,0
 Tracked objects:
		On entry : 
		On exit  : 
		Unchanged: 
 Data sizes:     COMMON   BANK0   BANK1   BANK3   BANK2
      Params:         4       0       0       0       0
      Locals:         0       2       0       0       0
      Temps:          1       0       0       0       0
      Totals:         5       2       0       0       0
Total ram usage:        7 bytes
 Hardware stack levels used:    1
 Hardware stack levels required when called:    1
 This function calls:
		Nothing
 This function is called by:
		_printval
 This function uses a non-reentrant model


 *************** function ___awdiv *****************
 Defined at:
		line 5 in file "C:\Program Files\Microchip\xc8\v2.31\pic\sources\c90\common\awdiv.c"
 Parameters:    Size  Location     Type
  divisor         2    3[COMMON] int 
  dividend        2    5[COMMON] int 
 Auto vars:     Size  Location     Type
  quotient        2    2[BANK0 ] int 
  sign            1    1[BANK0 ] unsigned char 
  counter         1    0[BANK0 ] unsigned char 
 Return value:  Size  Location     Type
                  2    3[COMMON] int 
 Registers used:
		wreg, status,2, status,0
 Tracked objects:
		On entry : 
		On exit  : 
		Unchanged: 
 Data sizes:     COMMON   BANK0   BANK1   BANK3   BANK2
      Params:         4       0       0       0       0
      Locals:         0       4       0       0       0
      Temps:          1       0       0       0       0
      Totals:         5       4       0       0       0
Total ram usage:        9 bytes
 Hardware stack levels used:    1
 Hardware stack levels required when called:    1
 This function calls:
		Nothing
 This function is called by:
		_printval
 This function uses a non-reentrant model


 *************** function _printf *****************
 Defined at:
		line 382 in file "Proyecto2.c"
 Parameters:    Size  Location     Type
  var             2    0[BANK0 ] PTR unsigned char 
		 -> STR_13(2), STR_12(16), STR_11(15), STR_10(15), 
		 -> STR_9(16), STR_8(19), STR_7(15), STR_6(53), 
		 -> STR_5(25), STR_4(24), STR_3(40), STR_2(44), 
		 -> STR_1(27), 
 Auto vars:     Size  Location     Type
  i               2    5[BANK0 ] int 
 Return value:  Size  Location     Type
                  1    wreg      void 
 Registers used:
		wreg, fsr0l, fsr0h, status,2, status,0, btemp+1, pclath, cstack
 Tracked objects:
		On entry : 
		On exit  : 
		Unchanged: 
 Data sizes:     COMMON   BANK0   BANK1   BANK3   BANK2
      Params:         0       2       0       0       0
      Locals:         0       2       0       0       0
      Temps:          0       3       0       0       0
      Totals:         0       7       0       0       0
Total ram usage:        7 bytes
 Hardware stack levels used:    1
 Hardware stack levels required when called:    3
 This function calls:
		_strlen
 This function is called by:
		_main
 This function uses a non-reentrant model


 *************** function _strlen *****************
 Defined at:
		line 4 in file "C:\Program Files\Microchip\xc8\v2.31\pic\sources\c90\common\strlen.c"
 Parameters:    Size  Location     Type
  s               2    3[COMMON] PTR const unsigned char 
		 -> STR_13(2), STR_12(16), STR_11(15), STR_10(15), 
		 -> STR_9(16), STR_8(19), STR_7(15), STR_6(53), 
		 -> STR_5(25), STR_4(24), STR_3(40), STR_2(44), 
		 -> STR_1(27), 
 Auto vars:     Size  Location     Type
  cp              2    5[COMMON] PTR const unsigned char 
		 -> STR_13(2), STR_12(16), STR_11(15), STR_10(15), 
		 -> STR_9(16), STR_8(19), STR_7(15), STR_6(53), 
		 -> STR_5(25), STR_4(24), STR_3(40), STR_2(44), 
		 -> STR_1(27), 
 Return value:  Size  Location     Type
                  2    3[COMMON] unsigned int 
 Registers used:
		wreg, fsr0l, fsr0h, status,2, status,0, btemp+1, pclath
 Tracked objects:
		On entry : 
		On exit  : 
		Unchanged: 
 Data sizes:     COMMON   BANK0   BANK1   BANK3   BANK2
      Params:         2       0       0       0       0
      Locals:         2       0       0       0       0
      Temps:          0       0       0       0       0
      Totals:         4       0       0       0       0
Total ram usage:        4 bytes
 Hardware stack levels used:    2
 Hardware stack levels required when called:    1
 This function calls:
		Nothing
 This function is called by:
		_printf
 This function uses a non-reentrant model


 *************** function _isr *****************
 Defined at:
		line 188 in file "Proyecto2.c"
 Parameters:    Size  Location     Type
		None
 Auto vars:     Size  Location     Type
		None
 Return value:  Size  Location     Type
                  1    wreg      void 
 Registers used:
		wreg, status,2, status,0
 Tracked objects:
		On entry : 
		On exit  : 
		Unchanged: 
 Data sizes:     COMMON   BANK0   BANK1   BANK3   BANK2
      Params:         0       0       0       0       0
      Locals:         0       0       0       0       0
      Temps:          3       0       0       0       0
      Totals:         3       0       0       0       0
Total ram usage:        3 bytes
 Hardware stack levels used:    1
 This function calls:
		Nothing
 This function is called by:
		Interrupt level 1
 This function uses a non-reentrant model



MODULE INFORMATION

Module		Function		Class		Link	Load	Size
C:\Program Files\Microchip\xc8\v2.31\pic\sources\c90\common\awmod.c
		___awmod       		CODE           	0529	0000	91

C:\Program Files\Microchip\xc8\v2.31\pic\sources\c90\common\awmod.c estimated size: 91

C:\Program Files\Microchip\xc8\v2.31\pic\sources\c90\common\awdiv.c
		___awdiv       		CODE           	04C0	0000	105

C:\Program Files\Microchip\xc8\v2.31\pic\sources\c90\common\awdiv.c estimated size: 105

shared
		__stringtab    		STRING         	019B	0000	18
		__initialization		CODE           	000F	0000	25

shared estimated size: 43

Proyecto2.c
		_config_serial 		CODE           	0613	0000	21
		_config_int_enable		CODE           	0688	0000	17
		_main          		CODE           	002C	0000	367
		_isr           		CODE           	0335	0000	260
		_printf        		CODE           	0584	0000	66
		_setup         		CODE           	05C6	0000	41
		_config_io     		CODE           	0664	0000	18
		_config_adc    		CODE           	063D	0000	20
		_config_pwm    		CODE           	0628	0000	21
		_config_TMR0   		CODE           	0699	0000	12
		_config_TMR2   		CODE           	0676	0000	18
		_config_reloj  		CODE           	06B0	0000	7
		_printval      		CODE           	0439	0000	135

Proyecto2.c estimated size: 1003

C:\Program Files\Microchip\xc8\v2.31\pic\sources\c90\common\strlen.c
		_strlen        		CODE           	05EF	0000	36

C:\Program Files\Microchip\xc8\v2.31\pic\sources\c90\common\strlen.c estimated size: 36

